{"ts":1769347646929,"action":"PROJECT_OPENED","tags":{"PROJECT_NAME":"campus-trade-platform"}}
{"ts":1769347648427,"action":"FILE_OPENED","file":"/README.md","tags":{"FILE_LINE_OF_CODE":"188"}}
{"ts":1769347718963,"action":"FILE_CLOSED","file":"/README.md","tags":{"FILE_LINE_OF_CODE":"188"}}
{"ts":1769347750076,"action":"IDE_DEACTIVATED"}
{"ts":1769347911859,"action":"IDE_ACTIVATED"}
{"ts":1769347916157,"action":"FILE_OPENED","file":"/campus-trade-api/pom.xml","tags":{"FILE_LINE_OF_CODE":"122"}}
{"ts":1769347952570,"action":"IDE_DEACTIVATED"}
{"ts":1769348027678,"action":"IDE_ACTIVATED"}
{"ts":1769348030512,"action":"IDE_DEACTIVATED"}
{"ts":1769348701298,"action":"IDE_ACTIVATED"}
{"ts":1769348715965,"action":"IDE_DEACTIVATED"}
{"ts":1769349581149,"action":"IDE_ACTIVATED"}
{"ts":1769349588504,"action":"IDE_DEACTIVATED"}
{"ts":1769349876259,"action":"IDE_ACTIVATED"}
{"ts":1769349879904,"action":"IDE_DEACTIVATED"}
{"ts":1769350283108,"action":"IDE_ACTIVATED"}
{"ts":1769350284032,"action":"IDE_DEACTIVATED"}
{"ts":1769350309035,"action":"IDE_ACTIVATED"}
{"ts":1769350312103,"action":"FILE_CLOSED","file":"/campus-trade-api/pom.xml","tags":{"FILE_LINE_OF_CODE":"122"}}
{"ts":1769350324239,"action":"IDE_DEACTIVATED"}
{"ts":1769350420674,"action":"IDE_ACTIVATED"}
{"ts":1769350421727,"action":"IDE_DEACTIVATED"}
{"ts":1769410290586,"action":"FILE_OPENED","file":"/campus-trade-api/pom.xml","tags":{"FILE_LINE_OF_CODE":"122"}}
{"ts":1769410291367,"action":"PROJECT_OPENED","tags":{"PROJECT_NAME":"campus-trade-platform"}}
{"ts":1769410301574,"action":"FILE_CLOSED","file":"/campus-trade-api/pom.xml","tags":{"FILE_LINE_OF_CODE":"122"}}
{"ts":1769410318649,"action":"IDE_DEACTIVATED"}
{"ts":1769410332415,"action":"IDE_ACTIVATED"}
{"ts":1769410351385,"action":"IDE_DEACTIVATED"}
{"ts":1769410373693,"action":"IDE_ACTIVATED"}
{"ts":1769410373985,"action":"IDE_DEACTIVATED"}
{"ts":1769410404358,"action":"IDE_ACTIVATED"}
{"ts":1769410405823,"action":"PROJECT_CLOSED","tags":{"PROJECT_NAME":"campus-trade-platform"}}
